[36mvite v8.0.1 [32mbuilding client environment for production...[36m[39m
[2K
transforming...Γ£ô 1070 modules transformed.
node.exe : [31mΓ£ù[39m Build failed in 110ms
At line:1 char:1
+ & "C:\Program Files\nodejs/node.exe" "C:\Program Files\nodejs/node_mo ...
+ ~~~~~~~~~~~~~~~~~~~~~~~~~~~~~~~~~~~~~~~~~~~~~~~~~~~~~~~~~~~~~~~~~~~~~
    + CategoryInfo          : NotSpecified: ([31mΓ£ù[39m Build failed in 110ms:String) [], RemoteException
    + FullyQualifiedErrorId : NativeCommandError
 
[31merror during build:
[31mBuild failed with 1 error:

[31m[builtin:vite-transform] Error:[0m Unexpected token. Did you mean `{'}'}` or `&rbrace;`?
     [38;5;246mΓò¡[0m[38;5;246mΓöÇ[0m[38;5;246m[[0m src/pages/EventsPage.jsx:813:20 [38;5;246m][0m
     [38;5;246mΓöé[0m
 [38;5;246m813 Γöé[0m [38;5;249m [0m[38;5;249m [0m[38;5;249m [0m[38;5;249m [0m[38;5;249m [0m[38;5;249m 
[0m[38;5;249m [0m[38;5;249m [0m[38;5;249m [0m[38;5;249m [0m[38;5;249m [0m[38;5;249m [0m[38;5;249m 
[0m[38;5;249m [0m[38;5;249m [0m[38;5;249m [0m[38;5;249m [0m[38;5;249m [0m[38;5;249m)[0m[38;5;249m}[0m
 [38;5;240m    Γöé[0m                    Γöé 
 [38;5;240m    Γöé[0m                    Γò░ΓöÇ 
[38;5;246mΓöÇΓöÇΓöÇΓöÇΓöÇΓò»[0m
[31m
    at aggregateBindingErrorsIntoJsError 
(file:///C:/Users/rcapa/Desktop/oblivion-guild-manager/node_modules/rolldown/dist/shared/error-BO4SlZV_.mjs:48:18)
    at unwrapBindingResult 
(file:///C:/Users/rcapa/Desktop/oblivion-guild-manager/node_modules/rolldown/dist/shared/error-BO4SlZV_.mjs:18:128)
    at #build (file:///C:/Users/rcapa/Desktop/oblivion-guild-manager/node_modules/rolldown/dist/shared/rolldown-build-y
QC7KN8K.mjs:3311:34)
    at async buildEnvironment 
(file:///C:/Users/rcapa/Desktop/oblivion-guild-manager/node_modules/vite/dist/node/chunks/node.js:32817:64)
    at async Object.build 
(file:///C:/Users/rcapa/Desktop/oblivion-guild-manager/node_modules/vite/dist/node/chunks/node.js:33239:19)
    at async Object.buildApp 
(file:///C:/Users/rcapa/Desktop/oblivion-guild-manager/node_modules/vite/dist/node/chunks/node.js:33236:153)
    at async CAC.<anonymous> 
(file:///C:/Users/rcapa/Desktop/oblivion-guild-manager/node_modules/vite/dist/node/cli.js:778:3) {
  errors: [Getter/Setter]
}[39m
